// Vitest Snapshot v1, https://vitest.dev/guide/snapshot.html

exports[`csvBalToJsonBal > should convert BAL CSV list into BAL JSON list 1`] = `
[
  {
    "cad_parcelles": [
      "212860000C0115",
      "212860000C0114",
    ],
    "certification_commune": true,
    "cle_interop": "21286_2xdjog_00001",
    "commune_deleguee_insee": "00000",
    "commune_deleguee_nom": "",
    "commune_insee": "21286",
    "commune_nom": "Cocorico",
    "date_der_maj": 2022-08-23T00:00:00.000Z,
    "lat": 48.769923,
    "lieudit_complement_nom": "La voie celeste",
    "long": 1.081243,
    "numero": 1,
    "position": "entrée",
    "source": "commune",
    "suffixe": "",
    "uid_adresse": "@90537079-30cc-4970-a42e-f8e2c4af351a =2281c450-e6dd-40b1-a780-95e94d6ef6cf",
    "voie_nom": "Rue Rhoam Bosphoramus",
    "x": 558993.3,
    "y": 6853915.9,
  },
  {
    "cad_parcelles": [
      "212860000C0115",
      "212860000C0114",
    ],
    "certification_commune": true,
    "cle_interop": "21286_2xdjog_00001",
    "commune_deleguee_insee": "00000",
    "commune_deleguee_nom": "",
    "commune_insee": "21286",
    "commune_nom": "Cocorico",
    "date_der_maj": 2022-08-23T00:00:00.000Z,
    "lat": 48.770269,
    "lieudit_complement_nom": "La voie celeste",
    "long": 1.081148,
    "numero": 1,
    "position": "logement",
    "source": "commune",
    "suffixe": "",
    "uid_adresse": "@90537079-30cc-4970-a42e-f8e2c4af351a =2281c450-e6dd-40b1-a780-95e94d6ef6cf",
    "voie_nom": "Rue Rhoam Bosphoramus",
    "x": 558987.26,
    "y": 6853954.53,
  },
  {
    "cad_parcelles": [
      "212860000C0237",
      "212860000C0107",
    ],
    "certification_commune": true,
    "cle_interop": "21286_2xdjog_00002",
    "commune_deleguee_insee": "00000",
    "commune_deleguee_nom": "",
    "commune_insee": "21286",
    "commune_nom": "Cocorico",
    "date_der_maj": 2021-09-06T00:00:00.000Z,
    "lat": 48.769615,
    "lieudit_complement_nom": "La voie celeste",
    "long": 1.081444,
    "numero": 2,
    "position": "entrée",
    "source": "commune",
    "suffixe": "",
    "uid_adresse": "@e8094bf5-0ae1-47ea-ab11-58797bc58ec3 =2281c450-e6dd-40b1-a780-95e94d6ef6cf",
    "voie_nom": "Rue Rhoam Bosphoramus",
    "x": 559007.24,
    "y": 6853881.3,
  },
  {
    "cad_parcelles": [
      "",
    ],
    "certification_commune": true,
    "cle_interop": "21286_mz58hg_00029",
    "commune_deleguee_insee": "00000",
    "commune_deleguee_nom": "",
    "commune_insee": "21286",
    "commune_nom": "Cocorico",
    "date_der_maj": 2021-09-06T00:00:00.000Z,
    "lat": 48.773553,
    "lieudit_complement_nom": "",
    "long": 1.086279,
    "numero": 29,
    "position": "entrée",
    "source": "commune",
    "suffixe": "",
    "uid_adresse": "@342e90f9-811b-4719-a86d-842625495ac1 =672ab414-c97e-47c6-b4e5-dd1615191755",
    "voie_nom": "Allée des Prodiges",
    "x": 559373.1,
    "y": 6854310.41,
  },
  {
    "cad_parcelles": [
      "",
    ],
    "certification_commune": true,
    "cle_interop": "21286_mz58hg_00031",
    "commune_deleguee_insee": "00000",
    "commune_deleguee_nom": "",
    "commune_insee": "21286",
    "commune_nom": "Cocorico",
    "date_der_maj": 2021-09-06T00:00:00.000Z,
    "lat": 48.773833,
    "lieudit_complement_nom": "Observatoire d‘Hyrule",
    "long": 1.08586,
    "numero": 31,
    "position": "entrée",
    "source": "commune",
    "suffixe": "",
    "uid_adresse": "@221de0ca-8db4-4521-a88f-c9a18d4badb6 =672ab414-c97e-47c6-b4e5-dd1615191755",
    "voie_nom": "Allée des Prodiges",
    "x": 559343.07,
    "y": 6854342.28,
  },
  {
    "cad_parcelles": [
      "",
    ],
    "certification_commune": true,
    "cle_interop": "21286_mz58hg_00033",
    "commune_deleguee_insee": "00000",
    "commune_deleguee_nom": "",
    "commune_insee": "21286",
    "commune_nom": "Cocorico",
    "date_der_maj": 2021-09-06T00:00:00.000Z,
    "lat": 48.774035,
    "lieudit_complement_nom": "",
    "long": 1.085574,
    "numero": 33,
    "position": "entrée",
    "source": "commune",
    "suffixe": "",
    "uid_adresse": "@5c7c8d6f-155e-4051-9e99-6e85a484eb05 =672ab414-c97e-47c6-b4e5-dd1615191755",
    "voie_nom": "Allée des Prodiges",
    "x": 559322.6,
    "y": 6854365.24,
  },
  {
    "cad_parcelles": [
      "212860000D0113",
    ],
    "certification_commune": true,
    "cle_interop": "21286_p899mr_00001",
    "commune_deleguee_insee": "00000",
    "commune_deleguee_nom": "",
    "commune_insee": "21286",
    "commune_nom": "Cocorico",
    "date_der_maj": 2021-09-06T00:00:00.000Z,
    "lat": 48.763273,
    "lieudit_complement_nom": "",
    "long": 1.085624,
    "numero": 1,
    "position": "entrée",
    "source": "commune",
    "suffixe": "",
    "uid_adresse": "@9fc1864a-8a39-4643-8d74-a00d6b0b541b =6f84d1f9-eb22-4109-a33d-e0b22adeb490",
    "voie_nom": "Route de la Baleine",
    "x": 559297.27,
    "y": 6853168.91,
  },
  {
    "cad_parcelles": [
      "212860000D0113",
    ],
    "certification_commune": true,
    "cle_interop": "21286_p899mr_00003",
    "commune_deleguee_insee": "00000",
    "commune_deleguee_nom": "",
    "commune_insee": "21286",
    "commune_nom": "Cocorico",
    "date_der_maj": 2021-09-06T00:00:00.000Z,
    "lat": 48.763191,
    "lieudit_complement_nom": "Relai d‘Hylia",
    "long": 1.08535,
    "numero": 3,
    "position": "entrée",
    "source": "commune",
    "suffixe": "",
    "uid_adresse": "@29e80b31-1e1f-4881-a004-1637e52aad8c =6f84d1f9-eb22-4109-a33d-e0b22adeb490",
    "voie_nom": "Route de la Baleine",
    "x": 559276.91,
    "y": 6853160.29,
  },
  {
    "cad_parcelles": [
      "212860000D0305",
      "212860000D0307",
      "212860000D0308",
      "212860000D0266",
    ],
    "certification_commune": true,
    "cle_interop": "21286_p899mr_00005",
    "commune_deleguee_insee": "00000",
    "commune_deleguee_nom": "",
    "commune_insee": "21286",
    "commune_nom": "Cocorico",
    "date_der_maj": 2021-09-06T00:00:00.000Z,
    "lat": 48.762971,
    "lieudit_complement_nom": "",
    "long": 1.085079,
    "numero": 5,
    "position": "entrée",
    "source": "commune",
    "suffixe": "",
    "uid_adresse": "@e2ece335-2bcc-400b-a286-b9c75077a9b6 =6f84d1f9-eb22-4109-a33d-e0b22adeb490",
    "voie_nom": "Route de la Baleine",
    "x": 559256.41,
    "y": 6853136.32,
  },
  {
    "cad_parcelles": [
      "212860000D0293",
    ],
    "certification_commune": true,
    "cle_interop": "21286_p899mr_00007",
    "commune_deleguee_insee": "00000",
    "commune_deleguee_nom": "",
    "commune_insee": "21286",
    "commune_nom": "Cocorico",
    "date_der_maj": 2021-09-06T00:00:00.000Z,
    "lat": 48.76266,
    "lieudit_complement_nom": "",
    "long": 1.084526,
    "numero": 7,
    "position": "entrée",
    "source": "commune",
    "suffixe": "",
    "uid_adresse": "@adc8e0ff-b0e5-45f8-883b-0a9e3d8d4716 =6f84d1f9-eb22-4109-a33d-e0b22adeb490",
    "voie_nom": "Route de la Baleine",
    "x": 559214.93,
    "y": 6853102.73,
  },
  {
    "cad_parcelles": [
      "21286000ZC0087",
    ],
    "certification_commune": true,
    "cle_interop": "21286_p899mr_00008",
    "commune_deleguee_insee": "00000",
    "commune_deleguee_nom": "",
    "commune_insee": "21286",
    "commune_nom": "Cocorico",
    "date_der_maj": 2021-09-06T00:00:00.000Z,
    "lat": 48.762421,
    "lieudit_complement_nom": "",
    "long": 1.082967,
    "numero": 8,
    "position": "entrée",
    "source": "commune",
    "suffixe": "",
    "uid_adresse": "@71ccc07c-6d41-495a-b8aa-7fa372eb4093 =6f84d1f9-eb22-4109-a33d-e0b22adeb490",
    "voie_nom": "Route de la Baleine",
    "x": 559099.72,
    "y": 6853078.95,
  },
  {
    "cad_parcelles": [
      "212860000D0290",
      "212860000D0292",
      "212860000D0273",
      "212860000D0288",
    ],
    "certification_commune": true,
    "cle_interop": "21286_p899mr_00009",
    "commune_deleguee_insee": "00000",
    "commune_deleguee_nom": "",
    "commune_insee": "21286",
    "commune_nom": "Cocorico",
    "date_der_maj": 2021-09-06T00:00:00.000Z,
    "lat": 48.76238,
    "lieudit_complement_nom": "",
    "long": 1.083096,
    "numero": 9,
    "position": "entrée",
    "source": "commune",
    "suffixe": "",
    "uid_adresse": "@e0f22c8a-0cb7-47c2-b91b-2261055bdb85 =6f84d1f9-eb22-4109-a33d-e0b22adeb490",
    "voie_nom": "Route de la Baleine",
    "x": 559109.09,
    "y": 6853074.16,
  },
  {
    "cad_parcelles": [
      "212860000D0053",
      "212860000D0054",
    ],
    "certification_commune": true,
    "cle_interop": "21286_p899mr_00010",
    "commune_deleguee_insee": "00000",
    "commune_deleguee_nom": "",
    "commune_insee": "21286",
    "commune_nom": "Cocorico",
    "date_der_maj": 2021-09-06T00:00:00.000Z,
    "lat": 48.762015,
    "lieudit_complement_nom": "",
    "long": 1.082305,
    "numero": 10,
    "position": "entrée",
    "source": "commune",
    "suffixe": "",
    "uid_adresse": "@2deee4a2-d481-45ef-a5df-1e45010fe026 =6f84d1f9-eb22-4109-a33d-e0b22adeb490",
    "voie_nom": "Route de la Baleine",
    "x": 559049.98,
    "y": 6853035,
  },
  {
    "cad_parcelles": [
      "271150000D0304",
      "271150000D0229",
    ],
    "certification_commune": true,
    "cle_interop": "27115_0040_00003",
    "commune_deleguee_insee": "00000",
    "commune_deleguee_nom": "",
    "commune_insee": "27115",
    "commune_nom": "Breux-sur-Avre",
    "date_der_maj": 2021-09-06T00:00:00.000Z,
    "lat": 48.759711,
    "lieudit_complement_nom": "",
    "long": 1.086349,
    "numero": 3,
    "position": "entrée",
    "source": "commune",
    "suffixe": "",
    "uid_adresse": "@314785db-ba94-42af-a48f-543a1a414808 =0e85c45e-d259-4a11-979d-e3e4dfb0173a",
    "voie_nom": "Chemin de la legende",
    "x": 559340.95,
    "y": 6852771.7,
  },
  {
    "cad_parcelles": [
      "271150000D0230",
    ],
    "certification_commune": true,
    "cle_interop": "27115_0040_00005",
    "commune_deleguee_insee": "00000",
    "commune_deleguee_nom": "",
    "commune_insee": "27115",
    "commune_nom": "Breux-sur-Avre",
    "date_der_maj": 2021-09-06T00:00:00.000Z,
    "lat": 48.759821,
    "lieudit_complement_nom": "",
    "long": 1.086628,
    "numero": 5,
    "position": "entrée",
    "source": "commune",
    "suffixe": "",
    "uid_adresse": "@2414b386-8470-403a-8769-dd0763dbf519 =0e85c45e-d259-4a11-979d-e3e4dfb0173a",
    "voie_nom": "Chemin de la legende",
    "x": 559361.75,
    "y": 6852783.43,
  },
  {
    "cad_parcelles": [
      "271150000D0237",
    ],
    "certification_commune": true,
    "cle_interop": "27115_0040_00006",
    "commune_deleguee_insee": "00000",
    "commune_deleguee_nom": "",
    "commune_insee": "27115",
    "commune_nom": "Breux-sur-Avre",
    "date_der_maj": 2021-09-06T00:00:00.000Z,
    "lat": 48.759802,
    "lieudit_complement_nom": "Les Bois Perdus",
    "long": 1.086775,
    "numero": 6,
    "position": "entrée",
    "source": "commune",
    "suffixe": "",
    "uid_adresse": "@99051f6e-b679-43cd-9236-dc51db251c81 =0e85c45e-d259-4a11-979d-e3e4dfb0173a",
    "voie_nom": "Chemin de la legende",
    "x": 559372.5,
    "y": 6852781.05,
  },
  {
    "cad_parcelles": [
      "271150000D0150",
    ],
    "certification_commune": true,
    "cle_interop": "27115_0040_00007",
    "commune_deleguee_insee": "00000",
    "commune_deleguee_nom": "",
    "commune_insee": "27115",
    "commune_nom": "Breux-sur-Avre",
    "date_der_maj": 2021-09-06T00:00:00.000Z,
    "lat": 48.760002,
    "lieudit_complement_nom": "Les Bois Perdus",
    "long": 1.086974,
    "numero": 7,
    "position": "entrée",
    "source": "commune",
    "suffixe": "",
    "uid_adresse": "@926cff94-746a-4845-b3a8-db051279577d =0e85c45e-d259-4a11-979d-e3e4dfb0173a",
    "voie_nom": "Chemin de la legende",
    "x": 559387.66,
    "y": 6852802.93,
  },
  {
    "cad_parcelles": [
      "271150000D0236",
    ],
    "certification_commune": true,
    "cle_interop": "27115_0040_00008",
    "commune_deleguee_insee": "00000",
    "commune_deleguee_nom": "",
    "commune_insee": "27115",
    "commune_nom": "Breux-sur-Avre",
    "date_der_maj": 2021-09-06T00:00:00.000Z,
    "lat": 48.760129,
    "lieudit_complement_nom": "Les Bois Perdus",
    "long": 1.087306,
    "numero": 8,
    "position": "entrée",
    "source": "commune",
    "suffixe": "",
    "uid_adresse": "@d320dd51-d21d-4281-a2e7-e32717d9897f =0e85c45e-d259-4a11-979d-e3e4dfb0173a",
    "voie_nom": "Chemin de la legende",
    "x": 559412.4,
    "y": 6852816.45,
  },
  {
    "cad_parcelles": [
      "271150000D0148",
      "271150000D0284",
    ],
    "certification_commune": true,
    "cle_interop": "27115_0040_00009",
    "commune_deleguee_insee": "00000",
    "commune_deleguee_nom": "",
    "commune_insee": "27115",
    "commune_nom": "Breux-sur-Avre",
    "date_der_maj": 2021-09-06T00:00:00.000Z,
    "lat": 48.760315,
    "lieudit_complement_nom": "Les Bois Perdus",
    "long": 1.087483,
    "numero": 9,
    "position": "entrée",
    "source": "commune",
    "suffixe": "",
    "uid_adresse": "@5fa3516d-a99f-47cc-8f3e-e48a5c41bd37 =0e85c45e-d259-4a11-979d-e3e4dfb0173a",
    "voie_nom": "Chemin de la legende",
    "x": 559425.91,
    "y": 6852836.81,
  },
  {
    "cad_parcelles": [
      "271150000D0143",
    ],
    "certification_commune": true,
    "cle_interop": "27115_0040_00011",
    "commune_deleguee_insee": "00000",
    "commune_deleguee_nom": "",
    "commune_insee": "27115",
    "commune_nom": "Breux-sur-Avre",
    "date_der_maj": 2021-09-06T00:00:00.000Z,
    "lat": 48.760488,
    "lieudit_complement_nom": "",
    "long": 1.087958,
    "numero": 11,
    "position": "entrée",
    "source": "commune",
    "suffixe": "",
    "uid_adresse": "@b400699b-8964-422d-bce1-a5c9dfe769b3 =0e85c45e-d259-4a11-979d-e3e4dfb0173a",
    "voie_nom": "Chemin de la legende",
    "x": 559461.28,
    "y": 6852855.2,
  },
  {
    "cad_parcelles": [
      "",
    ],
    "certification_commune": true,
    "cle_interop": "27115_0085_00001",
    "commune_deleguee_insee": "00000",
    "commune_deleguee_nom": "",
    "commune_insee": "27115",
    "commune_nom": "Breux-sur-Avre",
    "date_der_maj": 2022-08-23T00:00:00.000Z,
    "lat": 48.773412,
    "lieudit_complement_nom": "Empreinte du Fleau",
    "long": 1.07932,
    "numero": 1,
    "position": "entrée",
    "source": "commune",
    "suffixe": "",
    "uid_adresse": "@5dc93db6-1953-4025-93a4-2cab581895e1 =30c6cba0-e2d4-462d-a68a-2adf8cbd3315",
    "voie_nom": "Impasse des lynels",
    "x": 558861.45,
    "y": 6854307.15,
  },
  {
    "cad_parcelles": [
      "",
    ],
    "certification_commune": true,
    "cle_interop": "27115_0085_00001",
    "commune_deleguee_insee": "00000",
    "commune_deleguee_nom": "",
    "commune_insee": "27115",
    "commune_nom": "Breux-sur-Avre",
    "date_der_maj": 2022-08-23T00:00:00.000Z,
    "lat": 48.773161,
    "lieudit_complement_nom": "Empreinte du Fleau",
    "long": 1.078832,
    "numero": 1,
    "position": "logement",
    "source": "commune",
    "suffixe": "",
    "uid_adresse": "@5dc93db6-1953-4025-93a4-2cab581895e1 =30c6cba0-e2d4-462d-a68a-2adf8cbd3315",
    "voie_nom": "Impasse des lynels",
    "x": 558824.92,
    "y": 6854280.12,
  },
  {
    "cad_parcelles": [
      "",
    ],
    "certification_commune": true,
    "cle_interop": "27115_0085_00002",
    "commune_deleguee_insee": "00000",
    "commune_deleguee_nom": "",
    "commune_insee": "27115",
    "commune_nom": "Breux-sur-Avre",
    "date_der_maj": 2021-09-06T00:00:00.000Z,
    "lat": 48.773594,
    "lieudit_complement_nom": "Empreinte du Fleau",
    "long": 1.079699,
    "numero": 2,
    "position": "entrée",
    "source": "commune",
    "suffixe": "",
    "uid_adresse": "@cbcd56a6-d9fa-44c5-b1e3-81f0618320f5 =30c6cba0-e2d4-462d-a68a-2adf8cbd3315",
    "voie_nom": "Impasse des lynels",
    "x": 558889.78,
    "y": 6854326.7,
  },
  {
    "cad_parcelles": [
      "",
    ],
    "certification_commune": false,
    "cle_interop": "21286_ty2whe_99999",
    "commune_deleguee_insee": "00000",
    "commune_deleguee_nom": "",
    "commune_insee": "21286",
    "commune_nom": "Cocorico",
    "date_der_maj": 2020-07-03T00:00:00.000Z,
    "lat": 48.758813,
    "lieudit_complement_nom": "",
    "long": 1.088235,
    "numero": 99999,
    "position": "",
    "source": "",
    "suffixe": "",
    "uid_adresse": "=10d8acda-7cb8-4b76-aaca-c39be0721890",
    "voie_nom": "Etang du sorcier",
    "x": 559477.13,
    "y": 6852668.52,
  },
  {
    "cad_parcelles": [
      "",
    ],
    "certification_commune": false,
    "cle_interop": "21286_B019_99999",
    "commune_deleguee_insee": "00000",
    "commune_deleguee_nom": "",
    "commune_insee": "21286",
    "commune_nom": "Cocorico",
    "date_der_maj": 2020-07-03T00:00:00.000Z,
    "lat": 48.760311,
    "lieudit_complement_nom": "",
    "long": 1.071305,
    "numero": 99999,
    "position": "",
    "source": "",
    "suffixe": "",
    "uid_adresse": "=b2f57446-c636-4770-8f3e-2d27a86bdca7",
    "voie_nom": "Relai d‘Hylia",
    "x": 558237.02,
    "y": 6852865.29,
  },
  {
    "cad_parcelles": [
      "",
    ],
    "certification_commune": false,
    "cle_interop": "21286_adckqc_99999",
    "commune_deleguee_insee": "00000",
    "commune_deleguee_nom": "",
    "commune_insee": "21286",
    "commune_nom": "Cocorico",
    "date_der_maj": 2020-07-03T00:00:00.000Z,
    "lat": 48.751484,
    "lieudit_complement_nom": "",
    "long": 1.071619,
    "numero": 99999,
    "position": "",
    "source": "",
    "suffixe": "",
    "uid_adresse": "=461ae367-20f4-49a1-ba94-8f339d29c6a7",
    "voie_nom": "Arbre Mojo",
    "x": 558236.13,
    "y": 6851883.59,
  },
  {
    "cad_parcelles": [
      "",
    ],
    "certification_commune": false,
    "cle_interop": "21286_t6v2h3_99999",
    "commune_deleguee_insee": "00000",
    "commune_deleguee_nom": "",
    "commune_insee": "21286",
    "commune_nom": "Cocorico",
    "date_der_maj": 2020-07-03T00:00:00.000Z,
    "lat": 48.785677,
    "lieudit_complement_nom": "",
    "long": 1.060016,
    "numero": 99999,
    "position": "",
    "source": "",
    "suffixe": "",
    "uid_adresse": "=40332ecb-b251-438a-82b6-cca55e01933b",
    "voie_nom": "Passage de Daruk",
    "x": 557476.7,
    "y": 6855705.13,
  },
  {
    "cad_parcelles": [
      "",
    ],
    "certification_commune": false,
    "cle_interop": "21286_B023_99999",
    "commune_deleguee_insee": "00000",
    "commune_deleguee_nom": "",
    "commune_insee": "21286",
    "commune_nom": "Cocorico",
    "date_der_maj": 2020-07-03T00:00:00.000Z,
    "lat": 48.772203,
    "lieudit_complement_nom": "",
    "long": 1.081033,
    "numero": 99999,
    "position": "",
    "source": "",
    "suffixe": "",
    "uid_adresse": "=9906b1de-7203-4abd-ba06-b776beda7bd4",
    "voie_nom": "La voie celeste",
    "x": 558984.03,
    "y": 6854169.7,
  },
  {
    "cad_parcelles": [
      "",
    ],
    "certification_commune": false,
    "cle_interop": "21286_zpe59o_99999",
    "commune_deleguee_insee": "00000",
    "commune_deleguee_nom": "",
    "commune_insee": "21286",
    "commune_nom": "Cocorico",
    "date_der_maj": 2020-07-03T00:00:00.000Z,
    "lat": 48.771215,
    "lieudit_complement_nom": "",
    "long": 1.063471,
    "numero": 99999,
    "position": "",
    "source": "",
    "suffixe": "",
    "uid_adresse": "=28346072-fe1e-4fd5-9be4-ac9f94bf76da",
    "voie_nom": "Observatoire d‘Hyrule",
    "x": 557691.05,
    "y": 6854091.39,
  },
  {
    "cad_parcelles": [
      "",
    ],
    "certification_commune": false,
    "cle_interop": "21286_B015_99999",
    "commune_deleguee_insee": "00000",
    "commune_deleguee_nom": "",
    "commune_insee": "21286",
    "commune_nom": "Cocorico",
    "date_der_maj": 2020-08-31T00:00:00.000Z,
    "lat": 48.761039,
    "lieudit_complement_nom": "",
    "long": 1.061001,
    "numero": 99999,
    "position": "",
    "source": "",
    "suffixe": "",
    "uid_adresse": "=4a432e1c-59fb-4477-9c89-c03a164456f4",
    "voie_nom": "Empreinte du Fleau",
    "x": 557481.79,
    "y": 6852964.76,
  },
  {
    "cad_parcelles": [
      "",
    ],
    "certification_commune": false,
    "cle_interop": "21286_B010_99999",
    "commune_deleguee_insee": "00000",
    "commune_deleguee_nom": "",
    "commune_insee": "21286",
    "commune_nom": "Cocorico",
    "date_der_maj": 2022-06-03T00:00:00.000Z,
    "lat": 48.760165,
    "lieudit_complement_nom": "",
    "long": 1.067195,
    "numero": 99999,
    "position": "",
    "source": "",
    "suffixe": "",
    "uid_adresse": "=4cf16f98-514d-4242-abe8-9819495d3f6e",
    "voie_nom": "Les Bois Perdus",
    "x": 557934.59,
    "y": 6852856.45,
  },
  {
    "cad_parcelles": [
      "",
    ],
    "certification_commune": false,
    "cle_interop": "21286_vwgc9s_99999",
    "commune_deleguee_insee": "00000",
    "commune_deleguee_nom": "",
    "commune_insee": "21286",
    "commune_nom": "Cocorico",
    "date_der_maj": 2022-06-13T00:00:00.000Z,
    "lat": 48.768683,
    "lieudit_complement_nom": "",
    "long": 1.060606,
    "numero": 99999,
    "position": "",
    "source": "",
    "suffixe": "",
    "uid_adresse": "=758541ac-988e-4a91-9c5a-73727876ae16",
    "voie_nom": "Armurerie de l‘Ancien Royaume",
    "x": 557473.64,
    "y": 6853815.12,
  },
  {
    "cad_parcelles": [
      "",
    ],
    "certification_commune": false,
    "cle_interop": "21286_B040_99999",
    "commune_deleguee_insee": "00000",
    "commune_deleguee_nom": "",
    "commune_insee": "21286",
    "commune_nom": "Cocorico",
    "date_der_maj": 2022-08-23T00:00:00.000Z,
    "lat": 48.759994,
    "lieudit_complement_nom": "",
    "long": 1.06278,
    "numero": 99999,
    "position": "",
    "source": "",
    "suffixe": "",
    "uid_adresse": "=b650647e-ff8c-4ac3-8fc9-39e09f674903",
    "voie_nom": "Les Quatre Maisons",
    "x": 557609.67,
    "y": 6852845.39,
  },
  {
    "cad_parcelles": [
      "",
    ],
    "certification_commune": false,
    "cle_interop": "21286_k6znad_99999",
    "commune_deleguee_insee": "00000",
    "commune_deleguee_nom": "",
    "commune_insee": "21286",
    "commune_nom": "Cocorico",
    "date_der_maj": 2023-01-13T00:00:00.000Z,
    "lat": 48.766076,
    "lieudit_complement_nom": "",
    "long": 1.077283,
    "numero": 99999,
    "position": "",
    "source": "",
    "suffixe": "",
    "uid_adresse": "=6b10b8f3-4eac-4db7-8a2f-0e7077ef31d8",
    "voie_nom": "Chemin du Moulin",
    "x": 558691.93,
    "y": 6853495.37,
  },
]
`;
